<?xml version="1.0" encoding="UTF-8"?>
<TestRun id="ae6c68b0-126f-4ccf-afd0-55853972a49c" name="Steve@STEVEIBPDESKTOP 2010-11-21 12:44:24" runUser="SteveIBPDesktop\Steve" xmlns="http://microsoft.com/schemas/VisualStudio/TeamTest/2010">
  <TestSettings name="Local" id="60c2b78c-affc-4f37-9333-f6ec362971eb">
    <Description>These are default test settings for a local test run.</Description>
    <Deployment enabled="false" runDeploymentRoot="Steve_STEVEIBPDESKTOP 2010-11-21 12_44_24">
      <DeploymentItem filename="c:\users\steve\documents\visual studio 2010\Projects\FileLogger\packages\Unity.2.0\lib\20\Microsoft.Practices.Unity.Interception.dll" />
      <DeploymentItem filename="c:\users\steve\documents\visual studio 2010\Projects\FileLogger\packages\Unity.2.0\lib\20\Microsoft.Practices.Unity.dll" />
      <DeploymentItem filename="c:\users\steve\documents\visual studio 2010\Projects\FileLogger\packages\Unity.2.0\lib\20\Microsoft.Practices.ServiceLocation.dll" />
      <DeploymentItem filename="c:\users\steve\documents\visual studio 2010\Projects\FileLogger\packages\Unity.2.0\lib\20\Microsoft.Practices.Unity.Interception.Configuration.dll" />
      <DeploymentItem filename="c:\users\steve\documents\visual studio 2010\Projects\FileLogger\FileLogger\bin\Debug\FileLoggerSample.exe" />
      <DeploymentItem filename="c:\users\steve\documents\visual studio 2010\Projects\FileLogger\packages\Unity.2.0\lib\20\Microsoft.Practices.Unity.Configuration.dll" />
    </Deployment>
    <Execution>
      <TestTypeSpecific />
      <AgentRule name="Execution Agents">
      </AgentRule>
    </Execution>
  </TestSettings>
  <Times creation="2010-11-21T12:44:24.7060546-05:00" queuing="2010-11-21T12:44:24.9755859-05:00" start="2010-11-21T12:44:25.0322265-05:00" finish="2010-11-21T12:44:30.4843750-05:00" />
  <ResultSummary outcome="Completed">
    <Counters total="1" executed="1" passed="1" error="0" failed="0" timeout="0" aborted="0" inconclusive="0" passedButRunAborted="0" notRunnable="0" notExecuted="0" disconnected="0" warning="0" completed="0" inProgress="0" pending="0" />
  </ResultSummary>
  <TestDefinitions>
    <UnitTest name="LogNumbersWithoutError" storage="c:\users\steve\documents\visual studio 2010\projects\filelogger\unittests\bin\debug\unittests.dll" id="27fa3b4d-b3ca-19dd-6d01-e0ee7731f074">
      <Execution id="ec01017a-9c39-4618-95d9-aba976523be6" />
      <TestMethod codeBase="c:/users/steve/documents/visual studio 2010/Projects/FileLogger/UnitTests/bin/Debug/UnitTests.DLL" adapterTypeName="Microsoft.VisualStudio.TestTools.TestTypes.Unit.UnitTestAdapter, Microsoft.VisualStudio.QualityTools.Tips.UnitTest.Adapter, Version=10.0.0.0, Culture=neutral, PublicKeyToken=b03f5f7f11d50a3a" className="UnitTests.GivenSingleThreadFileLoggerShould, UnitTests, Version=1.0.0.0, Culture=neutral, PublicKeyToken=null" name="LogNumbersWithoutError" />
    </UnitTest>
  </TestDefinitions>
  <TestLists>
    <TestList name="Results Not in a List" id="8c84fa94-04c1-424b-9868-57a2d4851a1d" />
    <TestList name="All Loaded Results" id="19431567-8539-422a-85d7-44ee4e166bda" />
  </TestLists>
  <TestEntries>
    <TestEntry testId="27fa3b4d-b3ca-19dd-6d01-e0ee7731f074" executionId="ec01017a-9c39-4618-95d9-aba976523be6" testListId="8c84fa94-04c1-424b-9868-57a2d4851a1d" />
  </TestEntries>
  <Results>
    <UnitTestResult executionId="ec01017a-9c39-4618-95d9-aba976523be6" testId="27fa3b4d-b3ca-19dd-6d01-e0ee7731f074" testName="LogNumbersWithoutError" computerName="STEVEIBPDESKTOP" duration="00:00:05.1634310" startTime="2010-11-21T12:44:25.0400390-05:00" endTime="2010-11-21T12:44:30.4619140-05:00" testType="13cdc9d9-ddb5-4fa4-a97d-d965ccfc6d4b" outcome="Passed" testListId="8c84fa94-04c1-424b-9868-57a2d4851a1d" relativeResultsDirectory="ec01017a-9c39-4618-95d9-aba976523be6">
      <Output>
        <StdOut>Begin Logging to File
....................................................................................................</StdOut>
      </Output>
    </UnitTestResult>
  </Results>
</TestRun>